// Jest Snapshot v1, https://goo.gl/fbAQLP

exports[`<Month /> should match snapshot 1`] = `
<DocumentFragment>
  <button
    class="month is-today"
    data-testid="month"
    type="button"
    value="2020-01-01T00:00:00.000Z"
  >
    Jan
  </button>
</DocumentFragment>
`;
