// Jest Snapshot v1, https://goo.gl/fbAQLP

exports[`<DayPicker /> should match snapshot 1`] = `
<DocumentFragment>
  <div
    class="week-days"
  >
    <span
      class="week-day"
      data-testid="week-day"
    >
      Sun
    </span>
    <span
      class="week-day"
      data-testid="week-day"
    >
      Mon
    </span>
    <span
      class="week-day"
      data-testid="week-day"
    >
      Tue
    </span>
    <span
      class="week-day"
      data-testid="week-day"
    >
      Wed
    </span>
    <span
      class="week-day"
      data-testid="week-day"
    >
      Thu
    </span>
    <span
      class="week-day"
      data-testid="week-day"
    >
      Fri
    </span>
    <span
      class="week-day"
      data-testid="week-day"
    >
      Sat
    </span>
  </div>
  <div
    class="day-picker"
    data-testid="day-picker"
  >
    <button
      class="day prev-month"
      data-testid="day"
      type="button"
      value="2019-12-29T00:00:00.000Z"
    >
      29
    </button>
    <button
      class="day prev-month"
      data-testid="day"
      type="button"
      value="2019-12-30T00:00:00.000Z"
    >
      30
    </button>
    <button
      class="day prev-month"
      data-testid="day"
      type="button"
      value="2019-12-31T00:00:00.000Z"
    >
      31
    </button>
    <button
      class="day is-today"
      data-testid="day"
      type="button"
      value="2020-01-01T00:00:00.000Z"
    >
      1
    </button>
    <button
      class="day"
      data-testid="day"
      type="button"
      value="2020-01-02T00:00:00.000Z"
    >
      2
    </button>
    <button
      class="day"
      data-testid="day"
      type="button"
      value="2020-01-03T00:00:00.000Z"
    >
      3
    </button>
    <button
      class="day"
      data-testid="day"
      type="button"
      value="2020-01-04T00:00:00.000Z"
    >
      4
    </button>
    <button
      class="day"
      data-testid="day"
      type="button"
      value="2020-01-05T00:00:00.000Z"
    >
      5
    </button>
    <button
      class="day"
      data-testid="day"
      type="button"
      value="2020-01-06T00:00:00.000Z"
    >
      6
    </button>
    <button
      class="day"
      data-testid="day"
      type="button"
      value="2020-01-07T00:00:00.000Z"
    >
      7
    </button>
    <button
      class="day"
      data-testid="day"
      type="button"
      value="2020-01-08T00:00:00.000Z"
    >
      8
    </button>
    <button
      class="day"
      data-testid="day"
      type="button"
      value="2020-01-09T00:00:00.000Z"
    >
      9
    </button>
    <button
      class="day"
      data-testid="day"
      type="button"
      value="2020-01-10T00:00:00.000Z"
    >
      10
    </button>
    <button
      class="day"
      data-testid="day"
      type="button"
      value="2020-01-11T00:00:00.000Z"
    >
      11
    </button>
    <button
      class="day"
      data-testid="day"
      type="button"
      value="2020-01-12T00:00:00.000Z"
    >
      12
    </button>
    <button
      class="day"
      data-testid="day"
      type="button"
      value="2020-01-13T00:00:00.000Z"
    >
      13
    </button>
    <button
      class="day"
      data-testid="day"
      type="button"
      value="2020-01-14T00:00:00.000Z"
    >
      14
    </button>
    <button
      class="day"
      data-testid="day"
      type="button"
      value="2020-01-15T00:00:00.000Z"
    >
      15
    </button>
    <button
      class="day"
      data-testid="day"
      type="button"
      value="2020-01-16T00:00:00.000Z"
    >
      16
    </button>
    <button
      class="day"
      data-testid="day"
      type="button"
      value="2020-01-17T00:00:00.000Z"
    >
      17
    </button>
    <button
      class="day"
      data-testid="day"
      type="button"
      value="2020-01-18T00:00:00.000Z"
    >
      18
    </button>
    <button
      class="day"
      data-testid="day"
      type="button"
      value="2020-01-19T00:00:00.000Z"
    >
      19
    </button>
    <button
      class="day"
      data-testid="day"
      type="button"
      value="2020-01-20T00:00:00.000Z"
    >
      20
    </button>
    <button
      class="day"
      data-testid="day"
      type="button"
      value="2020-01-21T00:00:00.000Z"
    >
      21
    </button>
    <button
      class="day"
      data-testid="day"
      type="button"
      value="2020-01-22T00:00:00.000Z"
    >
      22
    </button>
    <button
      class="day"
      data-testid="day"
      type="button"
      value="2020-01-23T00:00:00.000Z"
    >
      23
    </button>
    <button
      class="day"
      data-testid="day"
      type="button"
      value="2020-01-24T00:00:00.000Z"
    >
      24
    </button>
    <button
      class="day"
      data-testid="day"
      type="button"
      value="2020-01-25T00:00:00.000Z"
    >
      25
    </button>
    <button
      class="day"
      data-testid="day"
      type="button"
      value="2020-01-26T00:00:00.000Z"
    >
      26
    </button>
    <button
      class="day"
      data-testid="day"
      type="button"
      value="2020-01-27T00:00:00.000Z"
    >
      27
    </button>
    <button
      class="day"
      data-testid="day"
      type="button"
      value="2020-01-28T00:00:00.000Z"
    >
      28
    </button>
    <button
      class="day"
      data-testid="day"
      type="button"
      value="2020-01-29T00:00:00.000Z"
    >
      29
    </button>
    <button
      class="day"
      data-testid="day"
      type="button"
      value="2020-01-30T00:00:00.000Z"
    >
      30
    </button>
    <button
      class="day"
      data-testid="day"
      type="button"
      value="2020-01-31T00:00:00.000Z"
    >
      31
    </button>
    <button
      class="day next-month"
      data-testid="day"
      type="button"
      value="2020-02-01T00:00:00.000Z"
    >
      1
    </button>
    <button
      class="day next-month"
      data-testid="day"
      type="button"
      value="2020-02-02T00:00:00.000Z"
    >
      2
    </button>
    <button
      class="day next-month"
      data-testid="day"
      type="button"
      value="2020-02-03T00:00:00.000Z"
    >
      3
    </button>
    <button
      class="day next-month"
      data-testid="day"
      type="button"
      value="2020-02-04T00:00:00.000Z"
    >
      4
    </button>
    <button
      class="day next-month"
      data-testid="day"
      type="button"
      value="2020-02-05T00:00:00.000Z"
    >
      5
    </button>
    <button
      class="day next-month"
      data-testid="day"
      type="button"
      value="2020-02-06T00:00:00.000Z"
    >
      6
    </button>
    <button
      class="day next-month"
      data-testid="day"
      type="button"
      value="2020-02-07T00:00:00.000Z"
    >
      7
    </button>
    <button
      class="day next-month"
      data-testid="day"
      type="button"
      value="2020-02-08T00:00:00.000Z"
    >
      8
    </button>
  </div>
</DocumentFragment>
`;
