// Jest Snapshot v1, https://goo.gl/fbAQLP

exports[`<ViewSwitch /> should match snapshot 1`] = `
<DocumentFragment>
  <button
    class="view-switch"
    data-testid="view-switch"
  >
    Test
  </button>
</DocumentFragment>
`;
